Testing A.a
555
Testing A.s
471
Testing A.m
21546
Testing A.d
2.5
Testing A.f
28
Testing A.lt
1
0
0
Testing A.le
1
1
0
Testing A.e
0
1
0
Testing A.ne
1
0
1
Testing A.ge
0
1
1
Testing A.gt
0
0
1
