Testing S.l
26
Testing S.i
A
D
Testing S.si
Wards
Testing S.a
Hello World
Testing S.d
ground
Under
Testing S.e
0
1
Testing S.ns
!
Testing S.sn
33
