Testing Map.has:
0
1
Testing Map.get:
bar
!!!!
quux
